C:\Users\claud\Documents\MCUXpressoIDE_11.5.0_7232\workspace\3140_Lab5\CMSIS/core_cm0plus.h:733:22:__NVIC_EnableIRQ	16	static
C:\Users\claud\Documents\MCUXpressoIDE_11.5.0_7232\workspace\3140_Lab5\CMSIS/core_cm0plus.h:840:22:__NVIC_SetPriority	24	static
../source/process.c:41:6:list_append	24	static
../source/process.c:62:12:list_pop	24	static
../source/process.c:75:5:compareTime	32	static
../source/process.c:92:5:compareTimeEqual	32	static
../source/process.c:109:13:startTimeSorting	24	static
../source/process.c:131:13:DeadlineSorting	24	static
../source/process.c:154:6:process_start	8	static
../source/process.c:174:6:PIT1_Service	8	static
../source/process.c:190:5:process_create	24	static
../source/process.c:209:5:process_rt_create	40	static
../source/process.c:233:16:process_select	40	static
